Error: directory /music/S/steve-roach-vir-unis cannot be renamed because the same name already exists
